// Jest Snapshot v1, https://goo.gl/fbAQLP

exports[`TodoList component renders TodoList correctly 1`] = `
<ul>
  <Todo
    completed={false}
    handleTodo={[Function]}
    id="4160d35a-5333-4734-a8e6-fc1bc8a00332"
    key="4160d35a-5333-4734-a8e6-fc1bc8a00332"
    text="Learn Redux"
  />
  <Todo
    completed={false}
    handleTodo={[Function]}
    id="e55f3777-1feb-42ff-beb7-85ff447dd0ea"
    key="e55f3777-1feb-42ff-beb7-85ff447dd0ea"
    text="Master Redux"
  />
</ul>
`;
