// Jest Snapshot v1, https://goo.gl/fbAQLP

exports[`TodoFooter component renders TodoFooter correctly 1`] = `
<p>
  Show:
   
  <FilterLinkContainer
    filter="SHOW_ALL"
  >
    All
  </FilterLinkContainer>
   
  <FilterLinkContainer
    filter="SHOW_ACTIVE"
  >
    Active
  </FilterLinkContainer>
   
  <FilterLinkContainer
    filter="SHOW_COMPLETED"
  >
    Completed
  </FilterLinkContainer>
</p>
`;
